Copyright 1986-2019 Xilinx, Inc. All Rights Reserved.
-----------------------------------------------------------------------------------------------------------------------------------------------------------------------------------------------------
| Tool Version : Vivado v.2019.1 (win64) Build 2552052 Fri May 24 14:49:42 MDT 2019
| Date         : Sat May 17 20:05:41 2025
| Host         : Dgda_01 running 64-bit major release  (build 9200)
| Command      : report_timing_summary -max_paths 10 -file chenillard_timing_summary_routed.rpt -pb chenillard_timing_summary_routed.pb -rpx chenillard_timing_summary_routed.rpx -warn_on_violation
| Design       : chenillard
| Device       : 7a35t-cpg236
| Speed File   : -1  PRODUCTION 1.23 2018-06-13
-----------------------------------------------------------------------------------------------------------------------------------------------------------------------------------------------------

Timing Summary Report

------------------------------------------------------------------------------------------------
| Timer Settings
| --------------
------------------------------------------------------------------------------------------------

  Enable Multi Corner Analysis               :  Yes
  Enable Pessimism Removal                   :  Yes
  Pessimism Removal Resolution               :  Nearest Common Node
  Enable Input Delay Default Clock           :  No
  Enable Preset / Clear Arcs                 :  No
  Disable Flight Delays                      :  No
  Ignore I/O Paths                           :  No
  Timing Early Launch at Borrowing Latches   :  No
  Borrow Time for Max Delay Exceptions       :  Yes

  Corner  Analyze    Analyze    
  Name    Max Paths  Min Paths  
  ------  ---------  ---------  
  Slow    Yes        Yes        
  Fast    Yes        Yes        



check_timing report

Table of Contents
-----------------
1. checking no_clock
2. checking constant_clock
3. checking pulse_width_clock
4. checking unconstrained_internal_endpoints
5. checking no_input_delay
6. checking no_output_delay
7. checking multiple_clock
8. checking generated_clocks
9. checking loops
10. checking partial_input_delay
11. checking partial_output_delay
12. checking latch_loops

1. checking no_clock
--------------------
 There are 0 register/latch pins with no clock.


2. checking constant_clock
--------------------------
 There are 0 register/latch pins with constant_clock.


3. checking pulse_width_clock
-----------------------------
 There are 0 register/latch pins which need pulse_width check


4. checking unconstrained_internal_endpoints
--------------------------------------------
 There are 0 pins that are not constrained for maximum delay.

 There are 0 pins that are not constrained for maximum delay due to constant clock.


5. checking no_input_delay
--------------------------
 There are 0 input ports with no input delay specified.

 There are 0 input ports with no input delay but user has a false path constraint.


6. checking no_output_delay
---------------------------
 There are 16 ports with no output delay specified. (HIGH)

 There are 0 ports with no output delay but user has a false path constraint

 There are 0 ports with no output delay but with a timing clock defined on it or propagating through it


7. checking multiple_clock
--------------------------
 There are 0 register/latch pins with multiple clocks.


8. checking generated_clocks
----------------------------
 There are 0 generated clocks that are not connected to a clock source.


9. checking loops
-----------------
 There are 0 combinational loops in the design.


10. checking partial_input_delay
--------------------------------
 There are 0 input ports with partial input delay specified.


11. checking partial_output_delay
---------------------------------
 There are 0 ports with partial output delay specified.


12. checking latch_loops
------------------------
 There are 0 combinational latch loops in the design through latch input



------------------------------------------------------------------------------------------------
| Design Timing Summary
| ---------------------
------------------------------------------------------------------------------------------------

    WNS(ns)      TNS(ns)  TNS Failing Endpoints  TNS Total Endpoints      WHS(ns)      THS(ns)  THS Failing Endpoints  THS Total Endpoints     WPWS(ns)     TPWS(ns)  TPWS Failing Endpoints  TPWS Total Endpoints  
    -------      -------  ---------------------  -------------------      -------      -------  ---------------------  -------------------     --------     --------  ----------------------  --------------------  
      5.808        0.000                      0                   75        0.263        0.000                      0                   75        4.500        0.000                       0                    37  


All user specified timing constraints are met.


------------------------------------------------------------------------------------------------
| Clock Summary
| -------------
------------------------------------------------------------------------------------------------

Clock  Waveform(ns)       Period(ns)      Frequency(MHz)
-----  ------------       ----------      --------------
clk    {0.000 5.000}      10.000          100.000         


------------------------------------------------------------------------------------------------
| Intra Clock Table
| -----------------
------------------------------------------------------------------------------------------------

Clock             WNS(ns)      TNS(ns)  TNS Failing Endpoints  TNS Total Endpoints      WHS(ns)      THS(ns)  THS Failing Endpoints  THS Total Endpoints     WPWS(ns)     TPWS(ns)  TPWS Failing Endpoints  TPWS Total Endpoints  
-----             -------      -------  ---------------------  -------------------      -------      -------  ---------------------  -------------------     --------     --------  ----------------------  --------------------  
clk                 5.808        0.000                      0                   75        0.263        0.000                      0                   75        4.500        0.000                       0                    37  


------------------------------------------------------------------------------------------------
| Inter Clock Table
| -----------------
------------------------------------------------------------------------------------------------

From Clock    To Clock          WNS(ns)      TNS(ns)  TNS Failing Endpoints  TNS Total Endpoints      WHS(ns)      THS(ns)  THS Failing Endpoints  THS Total Endpoints  
----------    --------          -------      -------  ---------------------  -------------------      -------      -------  ---------------------  -------------------  


------------------------------------------------------------------------------------------------
| Other Path Groups Table
| -----------------------
------------------------------------------------------------------------------------------------

Path Group    From Clock    To Clock          WNS(ns)      TNS(ns)  TNS Failing Endpoints  TNS Total Endpoints      WHS(ns)      THS(ns)  THS Failing Endpoints  THS Total Endpoints  
----------    ----------    --------          -------      -------  ---------------------  -------------------      -------      -------  ---------------------  -------------------  


------------------------------------------------------------------------------------------------
| Timing Details
| --------------
------------------------------------------------------------------------------------------------


---------------------------------------------------------------------------------------------------
From Clock:  clk
  To Clock:  clk

Setup :            0  Failing Endpoints,  Worst Slack        5.808ns,  Total Violation        0.000ns
Hold  :            0  Failing Endpoints,  Worst Slack        0.263ns,  Total Violation        0.000ns
PW    :            0  Failing Endpoints,  Worst Slack        4.500ns,  Total Violation        0.000ns
---------------------------------------------------------------------------------------------------


Max Delay Paths
--------------------------------------------------------------------------------------
Slack (MET) :             5.808ns  (required time - arrival time)
  Source:                 tempo_reg[8]/C
                            (rising edge-triggered cell FDRE clocked by clk  {rise@0.000ns fall@5.000ns period=10.000ns})
  Destination:            tempo_reg[29]/R
                            (rising edge-triggered cell FDRE clocked by clk  {rise@0.000ns fall@5.000ns period=10.000ns})
  Path Group:             clk
  Path Type:              Setup (Max at Slow Process Corner)
  Requirement:            10.000ns  (clk rise@10.000ns - clk rise@0.000ns)
  Data Path Delay:        3.707ns  (logic 0.828ns (22.338%)  route 2.879ns (77.662%))
  Logic Levels:           3  (LUT4=2 LUT5=1)
  Clock Path Skew:        -0.021ns (DCD - SCD + CPR)
    Destination Clock Delay (DCD):    4.849ns = ( 14.849 - 10.000 ) 
    Source Clock Delay      (SCD):    5.142ns
    Clock Pessimism Removal (CPR):    0.272ns
  Clock Uncertainty:      0.035ns  ((TSJ^2 + TIJ^2)^1/2 + DJ) / 2 + PE
    Total System Jitter     (TSJ):    0.071ns
    Total Input Jitter      (TIJ):    0.000ns
    Discrete Jitter          (DJ):    0.000ns
    Phase Error              (PE):    0.000ns

    Location             Delay type                Incr(ns)  Path(ns)    Netlist Resource(s)
  -------------------------------------------------------------------    -------------------
                         (clock clk rise edge)        0.000     0.000 r  
    W5                                                0.000     0.000 r  clk (IN)
                         net (fo=0)                   0.000     0.000    clk
    W5                   IBUF (Prop_ibuf_I_O)         1.458     1.458 r  clk_IBUF_inst/O
                         net (fo=1, routed)           1.967     3.425    clk_IBUF
    BUFGCTRL_X0Y0        BUFG (Prop_bufg_I_O)         0.096     3.521 r  clk_IBUF_BUFG_inst/O
                         net (fo=36, routed)          1.621     5.142    clk_IBUF_BUFG
    SLICE_X63Y86         FDRE                                         r  tempo_reg[8]/C
  -------------------------------------------------------------------    -------------------
    SLICE_X63Y86         FDRE (Prop_fdre_C_Q)         0.456     5.598 f  tempo_reg[8]/Q
                         net (fo=2, routed)           0.679     6.277    tempo_reg_n_0_[8]
    SLICE_X62Y86         LUT4 (Prop_lut4_I3_O)        0.124     6.401 f  tempo[0]_i_8/O
                         net (fo=1, routed)           0.444     6.845    tempo[0]_i_8_n_0
    SLICE_X62Y86         LUT5 (Prop_lut5_I4_O)        0.124     6.969 f  tempo[0]_i_3/O
                         net (fo=3, routed)           0.830     7.799    tempo[0]_i_3_n_0
    SLICE_X62Y87         LUT4 (Prop_lut4_I2_O)        0.124     7.923 r  tempo[31]_i_1/O
                         net (fo=35, routed)          0.925     8.849    index
    SLICE_X63Y92         FDRE                                         r  tempo_reg[29]/R
  -------------------------------------------------------------------    -------------------

                         (clock clk rise edge)       10.000    10.000 r  
    W5                                                0.000    10.000 r  clk (IN)
                         net (fo=0)                   0.000    10.000    clk
    W5                   IBUF (Prop_ibuf_I_O)         1.388    11.388 r  clk_IBUF_inst/O
                         net (fo=1, routed)           1.862    13.250    clk_IBUF
    BUFGCTRL_X0Y0        BUFG (Prop_bufg_I_O)         0.091    13.341 r  clk_IBUF_BUFG_inst/O
                         net (fo=36, routed)          1.508    14.849    clk_IBUF_BUFG
    SLICE_X63Y92         FDRE                                         r  tempo_reg[29]/C
                         clock pessimism              0.272    15.121    
                         clock uncertainty           -0.035    15.086    
    SLICE_X63Y92         FDRE (Setup_fdre_C_R)       -0.429    14.657    tempo_reg[29]
  -------------------------------------------------------------------
                         required time                         14.657    
                         arrival time                          -8.849    
  -------------------------------------------------------------------
                         slack                                  5.808    

Slack (MET) :             5.808ns  (required time - arrival time)
  Source:                 tempo_reg[8]/C
                            (rising edge-triggered cell FDRE clocked by clk  {rise@0.000ns fall@5.000ns period=10.000ns})
  Destination:            tempo_reg[30]/R
                            (rising edge-triggered cell FDRE clocked by clk  {rise@0.000ns fall@5.000ns period=10.000ns})
  Path Group:             clk
  Path Type:              Setup (Max at Slow Process Corner)
  Requirement:            10.000ns  (clk rise@10.000ns - clk rise@0.000ns)
  Data Path Delay:        3.707ns  (logic 0.828ns (22.338%)  route 2.879ns (77.662%))
  Logic Levels:           3  (LUT4=2 LUT5=1)
  Clock Path Skew:        -0.021ns (DCD - SCD + CPR)
    Destination Clock Delay (DCD):    4.849ns = ( 14.849 - 10.000 ) 
    Source Clock Delay      (SCD):    5.142ns
    Clock Pessimism Removal (CPR):    0.272ns
  Clock Uncertainty:      0.035ns  ((TSJ^2 + TIJ^2)^1/2 + DJ) / 2 + PE
    Total System Jitter     (TSJ):    0.071ns
    Total Input Jitter      (TIJ):    0.000ns
    Discrete Jitter          (DJ):    0.000ns
    Phase Error              (PE):    0.000ns

    Location             Delay type                Incr(ns)  Path(ns)    Netlist Resource(s)
  -------------------------------------------------------------------    -------------------
                         (clock clk rise edge)        0.000     0.000 r  
    W5                                                0.000     0.000 r  clk (IN)
                         net (fo=0)                   0.000     0.000    clk
    W5                   IBUF (Prop_ibuf_I_O)         1.458     1.458 r  clk_IBUF_inst/O
                         net (fo=1, routed)           1.967     3.425    clk_IBUF
    BUFGCTRL_X0Y0        BUFG (Prop_bufg_I_O)         0.096     3.521 r  clk_IBUF_BUFG_inst/O
                         net (fo=36, routed)          1.621     5.142    clk_IBUF_BUFG
    SLICE_X63Y86         FDRE                                         r  tempo_reg[8]/C
  -------------------------------------------------------------------    -------------------
    SLICE_X63Y86         FDRE (Prop_fdre_C_Q)         0.456     5.598 f  tempo_reg[8]/Q
                         net (fo=2, routed)           0.679     6.277    tempo_reg_n_0_[8]
    SLICE_X62Y86         LUT4 (Prop_lut4_I3_O)        0.124     6.401 f  tempo[0]_i_8/O
                         net (fo=1, routed)           0.444     6.845    tempo[0]_i_8_n_0
    SLICE_X62Y86         LUT5 (Prop_lut5_I4_O)        0.124     6.969 f  tempo[0]_i_3/O
                         net (fo=3, routed)           0.830     7.799    tempo[0]_i_3_n_0
    SLICE_X62Y87         LUT4 (Prop_lut4_I2_O)        0.124     7.923 r  tempo[31]_i_1/O
                         net (fo=35, routed)          0.925     8.849    index
    SLICE_X63Y92         FDRE                                         r  tempo_reg[30]/R
  -------------------------------------------------------------------    -------------------

                         (clock clk rise edge)       10.000    10.000 r  
    W5                                                0.000    10.000 r  clk (IN)
                         net (fo=0)                   0.000    10.000    clk
    W5                   IBUF (Prop_ibuf_I_O)         1.388    11.388 r  clk_IBUF_inst/O
                         net (fo=1, routed)           1.862    13.250    clk_IBUF
    BUFGCTRL_X0Y0        BUFG (Prop_bufg_I_O)         0.091    13.341 r  clk_IBUF_BUFG_inst/O
                         net (fo=36, routed)          1.508    14.849    clk_IBUF_BUFG
    SLICE_X63Y92         FDRE                                         r  tempo_reg[30]/C
                         clock pessimism              0.272    15.121    
                         clock uncertainty           -0.035    15.086    
    SLICE_X63Y92         FDRE (Setup_fdre_C_R)       -0.429    14.657    tempo_reg[30]
  -------------------------------------------------------------------
                         required time                         14.657    
                         arrival time                          -8.849    
  -------------------------------------------------------------------
                         slack                                  5.808    

Slack (MET) :             5.808ns  (required time - arrival time)
  Source:                 tempo_reg[8]/C
                            (rising edge-triggered cell FDRE clocked by clk  {rise@0.000ns fall@5.000ns period=10.000ns})
  Destination:            tempo_reg[31]/R
                            (rising edge-triggered cell FDRE clocked by clk  {rise@0.000ns fall@5.000ns period=10.000ns})
  Path Group:             clk
  Path Type:              Setup (Max at Slow Process Corner)
  Requirement:            10.000ns  (clk rise@10.000ns - clk rise@0.000ns)
  Data Path Delay:        3.707ns  (logic 0.828ns (22.338%)  route 2.879ns (77.662%))
  Logic Levels:           3  (LUT4=2 LUT5=1)
  Clock Path Skew:        -0.021ns (DCD - SCD + CPR)
    Destination Clock Delay (DCD):    4.849ns = ( 14.849 - 10.000 ) 
    Source Clock Delay      (SCD):    5.142ns
    Clock Pessimism Removal (CPR):    0.272ns
  Clock Uncertainty:      0.035ns  ((TSJ^2 + TIJ^2)^1/2 + DJ) / 2 + PE
    Total System Jitter     (TSJ):    0.071ns
    Total Input Jitter      (TIJ):    0.000ns
    Discrete Jitter          (DJ):    0.000ns
    Phase Error              (PE):    0.000ns

    Location             Delay type                Incr(ns)  Path(ns)    Netlist Resource(s)
  -------------------------------------------------------------------    -------------------
                         (clock clk rise edge)        0.000     0.000 r  
    W5                                                0.000     0.000 r  clk (IN)
                         net (fo=0)                   0.000     0.000    clk
    W5                   IBUF (Prop_ibuf_I_O)         1.458     1.458 r  clk_IBUF_inst/O
                         net (fo=1, routed)           1.967     3.425    clk_IBUF
    BUFGCTRL_X0Y0        BUFG (Prop_bufg_I_O)         0.096     3.521 r  clk_IBUF_BUFG_inst/O
                         net (fo=36, routed)          1.621     5.142    clk_IBUF_BUFG
    SLICE_X63Y86         FDRE                                         r  tempo_reg[8]/C
  -------------------------------------------------------------------    -------------------
    SLICE_X63Y86         FDRE (Prop_fdre_C_Q)         0.456     5.598 f  tempo_reg[8]/Q
                         net (fo=2, routed)           0.679     6.277    tempo_reg_n_0_[8]
    SLICE_X62Y86         LUT4 (Prop_lut4_I3_O)        0.124     6.401 f  tempo[0]_i_8/O
                         net (fo=1, routed)           0.444     6.845    tempo[0]_i_8_n_0
    SLICE_X62Y86         LUT5 (Prop_lut5_I4_O)        0.124     6.969 f  tempo[0]_i_3/O
                         net (fo=3, routed)           0.830     7.799    tempo[0]_i_3_n_0
    SLICE_X62Y87         LUT4 (Prop_lut4_I2_O)        0.124     7.923 r  tempo[31]_i_1/O
                         net (fo=35, routed)          0.925     8.849    index
    SLICE_X63Y92         FDRE                                         r  tempo_reg[31]/R
  -------------------------------------------------------------------    -------------------

                         (clock clk rise edge)       10.000    10.000 r  
    W5                                                0.000    10.000 r  clk (IN)
                         net (fo=0)                   0.000    10.000    clk
    W5                   IBUF (Prop_ibuf_I_O)         1.388    11.388 r  clk_IBUF_inst/O
                         net (fo=1, routed)           1.862    13.250    clk_IBUF
    BUFGCTRL_X0Y0        BUFG (Prop_bufg_I_O)         0.091    13.341 r  clk_IBUF_BUFG_inst/O
                         net (fo=36, routed)          1.508    14.849    clk_IBUF_BUFG
    SLICE_X63Y92         FDRE                                         r  tempo_reg[31]/C
                         clock pessimism              0.272    15.121    
                         clock uncertainty           -0.035    15.086    
    SLICE_X63Y92         FDRE (Setup_fdre_C_R)       -0.429    14.657    tempo_reg[31]
  -------------------------------------------------------------------
                         required time                         14.657    
                         arrival time                          -8.849    
  -------------------------------------------------------------------
                         slack                                  5.808    

Slack (MET) :             5.836ns  (required time - arrival time)
  Source:                 tempo_reg[8]/C
                            (rising edge-triggered cell FDRE clocked by clk  {rise@0.000ns fall@5.000ns period=10.000ns})
  Destination:            tempo_reg[1]/R
                            (rising edge-triggered cell FDRE clocked by clk  {rise@0.000ns fall@5.000ns period=10.000ns})
  Path Group:             clk
  Path Type:              Setup (Max at Slow Process Corner)
  Requirement:            10.000ns  (clk rise@10.000ns - clk rise@0.000ns)
  Data Path Delay:        3.674ns  (logic 0.828ns (22.536%)  route 2.846ns (77.464%))
  Logic Levels:           3  (LUT4=2 LUT5=1)
  Clock Path Skew:        -0.025ns (DCD - SCD + CPR)
    Destination Clock Delay (DCD):    4.845ns = ( 14.845 - 10.000 ) 
    Source Clock Delay      (SCD):    5.142ns
    Clock Pessimism Removal (CPR):    0.272ns
  Clock Uncertainty:      0.035ns  ((TSJ^2 + TIJ^2)^1/2 + DJ) / 2 + PE
    Total System Jitter     (TSJ):    0.071ns
    Total Input Jitter      (TIJ):    0.000ns
    Discrete Jitter          (DJ):    0.000ns
    Phase Error              (PE):    0.000ns

    Location             Delay type                Incr(ns)  Path(ns)    Netlist Resource(s)
  -------------------------------------------------------------------    -------------------
                         (clock clk rise edge)        0.000     0.000 r  
    W5                                                0.000     0.000 r  clk (IN)
                         net (fo=0)                   0.000     0.000    clk
    W5                   IBUF (Prop_ibuf_I_O)         1.458     1.458 r  clk_IBUF_inst/O
                         net (fo=1, routed)           1.967     3.425    clk_IBUF
    BUFGCTRL_X0Y0        BUFG (Prop_bufg_I_O)         0.096     3.521 r  clk_IBUF_BUFG_inst/O
                         net (fo=36, routed)          1.621     5.142    clk_IBUF_BUFG
    SLICE_X63Y86         FDRE                                         r  tempo_reg[8]/C
  -------------------------------------------------------------------    -------------------
    SLICE_X63Y86         FDRE (Prop_fdre_C_Q)         0.456     5.598 f  tempo_reg[8]/Q
                         net (fo=2, routed)           0.679     6.277    tempo_reg_n_0_[8]
    SLICE_X62Y86         LUT4 (Prop_lut4_I3_O)        0.124     6.401 f  tempo[0]_i_8/O
                         net (fo=1, routed)           0.444     6.845    tempo[0]_i_8_n_0
    SLICE_X62Y86         LUT5 (Prop_lut5_I4_O)        0.124     6.969 f  tempo[0]_i_3/O
                         net (fo=3, routed)           0.830     7.799    tempo[0]_i_3_n_0
    SLICE_X62Y87         LUT4 (Prop_lut4_I2_O)        0.124     7.923 r  tempo[31]_i_1/O
                         net (fo=35, routed)          0.893     8.816    index
    SLICE_X63Y85         FDRE                                         r  tempo_reg[1]/R
  -------------------------------------------------------------------    -------------------

                         (clock clk rise edge)       10.000    10.000 r  
    W5                                                0.000    10.000 r  clk (IN)
                         net (fo=0)                   0.000    10.000    clk
    W5                   IBUF (Prop_ibuf_I_O)         1.388    11.388 r  clk_IBUF_inst/O
                         net (fo=1, routed)           1.862    13.250    clk_IBUF
    BUFGCTRL_X0Y0        BUFG (Prop_bufg_I_O)         0.091    13.341 r  clk_IBUF_BUFG_inst/O
                         net (fo=36, routed)          1.504    14.845    clk_IBUF_BUFG
    SLICE_X63Y85         FDRE                                         r  tempo_reg[1]/C
                         clock pessimism              0.272    15.117    
                         clock uncertainty           -0.035    15.082    
    SLICE_X63Y85         FDRE (Setup_fdre_C_R)       -0.429    14.653    tempo_reg[1]
  -------------------------------------------------------------------
                         required time                         14.653    
                         arrival time                          -8.816    
  -------------------------------------------------------------------
                         slack                                  5.836    

Slack (MET) :             5.836ns  (required time - arrival time)
  Source:                 tempo_reg[8]/C
                            (rising edge-triggered cell FDRE clocked by clk  {rise@0.000ns fall@5.000ns period=10.000ns})
  Destination:            tempo_reg[2]/R
                            (rising edge-triggered cell FDRE clocked by clk  {rise@0.000ns fall@5.000ns period=10.000ns})
  Path Group:             clk
  Path Type:              Setup (Max at Slow Process Corner)
  Requirement:            10.000ns  (clk rise@10.000ns - clk rise@0.000ns)
  Data Path Delay:        3.674ns  (logic 0.828ns (22.536%)  route 2.846ns (77.464%))
  Logic Levels:           3  (LUT4=2 LUT5=1)
  Clock Path Skew:        -0.025ns (DCD - SCD + CPR)
    Destination Clock Delay (DCD):    4.845ns = ( 14.845 - 10.000 ) 
    Source Clock Delay      (SCD):    5.142ns
    Clock Pessimism Removal (CPR):    0.272ns
  Clock Uncertainty:      0.035ns  ((TSJ^2 + TIJ^2)^1/2 + DJ) / 2 + PE
    Total System Jitter     (TSJ):    0.071ns
    Total Input Jitter      (TIJ):    0.000ns
    Discrete Jitter          (DJ):    0.000ns
    Phase Error              (PE):    0.000ns

    Location             Delay type                Incr(ns)  Path(ns)    Netlist Resource(s)
  -------------------------------------------------------------------    -------------------
                         (clock clk rise edge)        0.000     0.000 r  
    W5                                                0.000     0.000 r  clk (IN)
                         net (fo=0)                   0.000     0.000    clk
    W5                   IBUF (Prop_ibuf_I_O)         1.458     1.458 r  clk_IBUF_inst/O
                         net (fo=1, routed)           1.967     3.425    clk_IBUF
    BUFGCTRL_X0Y0        BUFG (Prop_bufg_I_O)         0.096     3.521 r  clk_IBUF_BUFG_inst/O
                         net (fo=36, routed)          1.621     5.142    clk_IBUF_BUFG
    SLICE_X63Y86         FDRE                                         r  tempo_reg[8]/C
  -------------------------------------------------------------------    -------------------
    SLICE_X63Y86         FDRE (Prop_fdre_C_Q)         0.456     5.598 f  tempo_reg[8]/Q
                         net (fo=2, routed)           0.679     6.277    tempo_reg_n_0_[8]
    SLICE_X62Y86         LUT4 (Prop_lut4_I3_O)        0.124     6.401 f  tempo[0]_i_8/O
                         net (fo=1, routed)           0.444     6.845    tempo[0]_i_8_n_0
    SLICE_X62Y86         LUT5 (Prop_lut5_I4_O)        0.124     6.969 f  tempo[0]_i_3/O
                         net (fo=3, routed)           0.830     7.799    tempo[0]_i_3_n_0
    SLICE_X62Y87         LUT4 (Prop_lut4_I2_O)        0.124     7.923 r  tempo[31]_i_1/O
                         net (fo=35, routed)          0.893     8.816    index
    SLICE_X63Y85         FDRE                                         r  tempo_reg[2]/R
  -------------------------------------------------------------------    -------------------

                         (clock clk rise edge)       10.000    10.000 r  
    W5                                                0.000    10.000 r  clk (IN)
                         net (fo=0)                   0.000    10.000    clk
    W5                   IBUF (Prop_ibuf_I_O)         1.388    11.388 r  clk_IBUF_inst/O
                         net (fo=1, routed)           1.862    13.250    clk_IBUF
    BUFGCTRL_X0Y0        BUFG (Prop_bufg_I_O)         0.091    13.341 r  clk_IBUF_BUFG_inst/O
                         net (fo=36, routed)          1.504    14.845    clk_IBUF_BUFG
    SLICE_X63Y85         FDRE                                         r  tempo_reg[2]/C
                         clock pessimism              0.272    15.117    
                         clock uncertainty           -0.035    15.082    
    SLICE_X63Y85         FDRE (Setup_fdre_C_R)       -0.429    14.653    tempo_reg[2]
  -------------------------------------------------------------------
                         required time                         14.653    
                         arrival time                          -8.816    
  -------------------------------------------------------------------
                         slack                                  5.836    

Slack (MET) :             5.836ns  (required time - arrival time)
  Source:                 tempo_reg[8]/C
                            (rising edge-triggered cell FDRE clocked by clk  {rise@0.000ns fall@5.000ns period=10.000ns})
  Destination:            tempo_reg[3]/R
                            (rising edge-triggered cell FDRE clocked by clk  {rise@0.000ns fall@5.000ns period=10.000ns})
  Path Group:             clk
  Path Type:              Setup (Max at Slow Process Corner)
  Requirement:            10.000ns  (clk rise@10.000ns - clk rise@0.000ns)
  Data Path Delay:        3.674ns  (logic 0.828ns (22.536%)  route 2.846ns (77.464%))
  Logic Levels:           3  (LUT4=2 LUT5=1)
  Clock Path Skew:        -0.025ns (DCD - SCD + CPR)
    Destination Clock Delay (DCD):    4.845ns = ( 14.845 - 10.000 ) 
    Source Clock Delay      (SCD):    5.142ns
    Clock Pessimism Removal (CPR):    0.272ns
  Clock Uncertainty:      0.035ns  ((TSJ^2 + TIJ^2)^1/2 + DJ) / 2 + PE
    Total System Jitter     (TSJ):    0.071ns
    Total Input Jitter      (TIJ):    0.000ns
    Discrete Jitter          (DJ):    0.000ns
    Phase Error              (PE):    0.000ns

    Location             Delay type                Incr(ns)  Path(ns)    Netlist Resource(s)
  -------------------------------------------------------------------    -------------------
                         (clock clk rise edge)        0.000     0.000 r  
    W5                                                0.000     0.000 r  clk (IN)
                         net (fo=0)                   0.000     0.000    clk
    W5                   IBUF (Prop_ibuf_I_O)         1.458     1.458 r  clk_IBUF_inst/O
                         net (fo=1, routed)           1.967     3.425    clk_IBUF
    BUFGCTRL_X0Y0        BUFG (Prop_bufg_I_O)         0.096     3.521 r  clk_IBUF_BUFG_inst/O
                         net (fo=36, routed)          1.621     5.142    clk_IBUF_BUFG
    SLICE_X63Y86         FDRE                                         r  tempo_reg[8]/C
  -------------------------------------------------------------------    -------------------
    SLICE_X63Y86         FDRE (Prop_fdre_C_Q)         0.456     5.598 f  tempo_reg[8]/Q
                         net (fo=2, routed)           0.679     6.277    tempo_reg_n_0_[8]
    SLICE_X62Y86         LUT4 (Prop_lut4_I3_O)        0.124     6.401 f  tempo[0]_i_8/O
                         net (fo=1, routed)           0.444     6.845    tempo[0]_i_8_n_0
    SLICE_X62Y86         LUT5 (Prop_lut5_I4_O)        0.124     6.969 f  tempo[0]_i_3/O
                         net (fo=3, routed)           0.830     7.799    tempo[0]_i_3_n_0
    SLICE_X62Y87         LUT4 (Prop_lut4_I2_O)        0.124     7.923 r  tempo[31]_i_1/O
                         net (fo=35, routed)          0.893     8.816    index
    SLICE_X63Y85         FDRE                                         r  tempo_reg[3]/R
  -------------------------------------------------------------------    -------------------

                         (clock clk rise edge)       10.000    10.000 r  
    W5                                                0.000    10.000 r  clk (IN)
                         net (fo=0)                   0.000    10.000    clk
    W5                   IBUF (Prop_ibuf_I_O)         1.388    11.388 r  clk_IBUF_inst/O
                         net (fo=1, routed)           1.862    13.250    clk_IBUF
    BUFGCTRL_X0Y0        BUFG (Prop_bufg_I_O)         0.091    13.341 r  clk_IBUF_BUFG_inst/O
                         net (fo=36, routed)          1.504    14.845    clk_IBUF_BUFG
    SLICE_X63Y85         FDRE                                         r  tempo_reg[3]/C
                         clock pessimism              0.272    15.117    
                         clock uncertainty           -0.035    15.082    
    SLICE_X63Y85         FDRE (Setup_fdre_C_R)       -0.429    14.653    tempo_reg[3]
  -------------------------------------------------------------------
                         required time                         14.653    
                         arrival time                          -8.816    
  -------------------------------------------------------------------
                         slack                                  5.836    

Slack (MET) :             5.836ns  (required time - arrival time)
  Source:                 tempo_reg[8]/C
                            (rising edge-triggered cell FDRE clocked by clk  {rise@0.000ns fall@5.000ns period=10.000ns})
  Destination:            tempo_reg[4]/R
                            (rising edge-triggered cell FDRE clocked by clk  {rise@0.000ns fall@5.000ns period=10.000ns})
  Path Group:             clk
  Path Type:              Setup (Max at Slow Process Corner)
  Requirement:            10.000ns  (clk rise@10.000ns - clk rise@0.000ns)
  Data Path Delay:        3.674ns  (logic 0.828ns (22.536%)  route 2.846ns (77.464%))
  Logic Levels:           3  (LUT4=2 LUT5=1)
  Clock Path Skew:        -0.025ns (DCD - SCD + CPR)
    Destination Clock Delay (DCD):    4.845ns = ( 14.845 - 10.000 ) 
    Source Clock Delay      (SCD):    5.142ns
    Clock Pessimism Removal (CPR):    0.272ns
  Clock Uncertainty:      0.035ns  ((TSJ^2 + TIJ^2)^1/2 + DJ) / 2 + PE
    Total System Jitter     (TSJ):    0.071ns
    Total Input Jitter      (TIJ):    0.000ns
    Discrete Jitter          (DJ):    0.000ns
    Phase Error              (PE):    0.000ns

    Location             Delay type                Incr(ns)  Path(ns)    Netlist Resource(s)
  -------------------------------------------------------------------    -------------------
                         (clock clk rise edge)        0.000     0.000 r  
    W5                                                0.000     0.000 r  clk (IN)
                         net (fo=0)                   0.000     0.000    clk
    W5                   IBUF (Prop_ibuf_I_O)         1.458     1.458 r  clk_IBUF_inst/O
                         net (fo=1, routed)           1.967     3.425    clk_IBUF
    BUFGCTRL_X0Y0        BUFG (Prop_bufg_I_O)         0.096     3.521 r  clk_IBUF_BUFG_inst/O
                         net (fo=36, routed)          1.621     5.142    clk_IBUF_BUFG
    SLICE_X63Y86         FDRE                                         r  tempo_reg[8]/C
  -------------------------------------------------------------------    -------------------
    SLICE_X63Y86         FDRE (Prop_fdre_C_Q)         0.456     5.598 f  tempo_reg[8]/Q
                         net (fo=2, routed)           0.679     6.277    tempo_reg_n_0_[8]
    SLICE_X62Y86         LUT4 (Prop_lut4_I3_O)        0.124     6.401 f  tempo[0]_i_8/O
                         net (fo=1, routed)           0.444     6.845    tempo[0]_i_8_n_0
    SLICE_X62Y86         LUT5 (Prop_lut5_I4_O)        0.124     6.969 f  tempo[0]_i_3/O
                         net (fo=3, routed)           0.830     7.799    tempo[0]_i_3_n_0
    SLICE_X62Y87         LUT4 (Prop_lut4_I2_O)        0.124     7.923 r  tempo[31]_i_1/O
                         net (fo=35, routed)          0.893     8.816    index
    SLICE_X63Y85         FDRE                                         r  tempo_reg[4]/R
  -------------------------------------------------------------------    -------------------

                         (clock clk rise edge)       10.000    10.000 r  
    W5                                                0.000    10.000 r  clk (IN)
                         net (fo=0)                   0.000    10.000    clk
    W5                   IBUF (Prop_ibuf_I_O)         1.388    11.388 r  clk_IBUF_inst/O
                         net (fo=1, routed)           1.862    13.250    clk_IBUF
    BUFGCTRL_X0Y0        BUFG (Prop_bufg_I_O)         0.091    13.341 r  clk_IBUF_BUFG_inst/O
                         net (fo=36, routed)          1.504    14.845    clk_IBUF_BUFG
    SLICE_X63Y85         FDRE                                         r  tempo_reg[4]/C
                         clock pessimism              0.272    15.117    
                         clock uncertainty           -0.035    15.082    
    SLICE_X63Y85         FDRE (Setup_fdre_C_R)       -0.429    14.653    tempo_reg[4]
  -------------------------------------------------------------------
                         required time                         14.653    
                         arrival time                          -8.816    
  -------------------------------------------------------------------
                         slack                                  5.836    

Slack (MET) :             5.853ns  (required time - arrival time)
  Source:                 tempo_reg[8]/C
                            (rising edge-triggered cell FDRE clocked by clk  {rise@0.000ns fall@5.000ns period=10.000ns})
  Destination:            tempo_reg[10]/R
                            (rising edge-triggered cell FDRE clocked by clk  {rise@0.000ns fall@5.000ns period=10.000ns})
  Path Group:             clk
  Path Type:              Setup (Max at Slow Process Corner)
  Requirement:            10.000ns  (clk rise@10.000ns - clk rise@0.000ns)
  Data Path Delay:        3.659ns  (logic 0.828ns (22.629%)  route 2.831ns (77.371%))
  Logic Levels:           3  (LUT4=2 LUT5=1)
  Clock Path Skew:        -0.024ns (DCD - SCD + CPR)
    Destination Clock Delay (DCD):    4.846ns = ( 14.846 - 10.000 ) 
    Source Clock Delay      (SCD):    5.142ns
    Clock Pessimism Removal (CPR):    0.272ns
  Clock Uncertainty:      0.035ns  ((TSJ^2 + TIJ^2)^1/2 + DJ) / 2 + PE
    Total System Jitter     (TSJ):    0.071ns
    Total Input Jitter      (TIJ):    0.000ns
    Discrete Jitter          (DJ):    0.000ns
    Phase Error              (PE):    0.000ns

    Location             Delay type                Incr(ns)  Path(ns)    Netlist Resource(s)
  -------------------------------------------------------------------    -------------------
                         (clock clk rise edge)        0.000     0.000 r  
    W5                                                0.000     0.000 r  clk (IN)
                         net (fo=0)                   0.000     0.000    clk
    W5                   IBUF (Prop_ibuf_I_O)         1.458     1.458 r  clk_IBUF_inst/O
                         net (fo=1, routed)           1.967     3.425    clk_IBUF
    BUFGCTRL_X0Y0        BUFG (Prop_bufg_I_O)         0.096     3.521 r  clk_IBUF_BUFG_inst/O
                         net (fo=36, routed)          1.621     5.142    clk_IBUF_BUFG
    SLICE_X63Y86         FDRE                                         r  tempo_reg[8]/C
  -------------------------------------------------------------------    -------------------
    SLICE_X63Y86         FDRE (Prop_fdre_C_Q)         0.456     5.598 f  tempo_reg[8]/Q
                         net (fo=2, routed)           0.679     6.277    tempo_reg_n_0_[8]
    SLICE_X62Y86         LUT4 (Prop_lut4_I3_O)        0.124     6.401 f  tempo[0]_i_8/O
                         net (fo=1, routed)           0.444     6.845    tempo[0]_i_8_n_0
    SLICE_X62Y86         LUT5 (Prop_lut5_I4_O)        0.124     6.969 f  tempo[0]_i_3/O
                         net (fo=3, routed)           0.830     7.799    tempo[0]_i_3_n_0
    SLICE_X62Y87         LUT4 (Prop_lut4_I2_O)        0.124     7.923 r  tempo[31]_i_1/O
                         net (fo=35, routed)          0.877     8.801    index
    SLICE_X63Y87         FDRE                                         r  tempo_reg[10]/R
  -------------------------------------------------------------------    -------------------

                         (clock clk rise edge)       10.000    10.000 r  
    W5                                                0.000    10.000 r  clk (IN)
                         net (fo=0)                   0.000    10.000    clk
    W5                   IBUF (Prop_ibuf_I_O)         1.388    11.388 r  clk_IBUF_inst/O
                         net (fo=1, routed)           1.862    13.250    clk_IBUF
    BUFGCTRL_X0Y0        BUFG (Prop_bufg_I_O)         0.091    13.341 r  clk_IBUF_BUFG_inst/O
                         net (fo=36, routed)          1.505    14.846    clk_IBUF_BUFG
    SLICE_X63Y87         FDRE                                         r  tempo_reg[10]/C
                         clock pessimism              0.272    15.118    
                         clock uncertainty           -0.035    15.083    
    SLICE_X63Y87         FDRE (Setup_fdre_C_R)       -0.429    14.654    tempo_reg[10]
  -------------------------------------------------------------------
                         required time                         14.654    
                         arrival time                          -8.801    
  -------------------------------------------------------------------
                         slack                                  5.853    

Slack (MET) :             5.853ns  (required time - arrival time)
  Source:                 tempo_reg[8]/C
                            (rising edge-triggered cell FDRE clocked by clk  {rise@0.000ns fall@5.000ns period=10.000ns})
  Destination:            tempo_reg[11]/R
                            (rising edge-triggered cell FDRE clocked by clk  {rise@0.000ns fall@5.000ns period=10.000ns})
  Path Group:             clk
  Path Type:              Setup (Max at Slow Process Corner)
  Requirement:            10.000ns  (clk rise@10.000ns - clk rise@0.000ns)
  Data Path Delay:        3.659ns  (logic 0.828ns (22.629%)  route 2.831ns (77.371%))
  Logic Levels:           3  (LUT4=2 LUT5=1)
  Clock Path Skew:        -0.024ns (DCD - SCD + CPR)
    Destination Clock Delay (DCD):    4.846ns = ( 14.846 - 10.000 ) 
    Source Clock Delay      (SCD):    5.142ns
    Clock Pessimism Removal (CPR):    0.272ns
  Clock Uncertainty:      0.035ns  ((TSJ^2 + TIJ^2)^1/2 + DJ) / 2 + PE
    Total System Jitter     (TSJ):    0.071ns
    Total Input Jitter      (TIJ):    0.000ns
    Discrete Jitter          (DJ):    0.000ns
    Phase Error              (PE):    0.000ns

    Location             Delay type                Incr(ns)  Path(ns)    Netlist Resource(s)
  -------------------------------------------------------------------    -------------------
                         (clock clk rise edge)        0.000     0.000 r  
    W5                                                0.000     0.000 r  clk (IN)
                         net (fo=0)                   0.000     0.000    clk
    W5                   IBUF (Prop_ibuf_I_O)         1.458     1.458 r  clk_IBUF_inst/O
                         net (fo=1, routed)           1.967     3.425    clk_IBUF
    BUFGCTRL_X0Y0        BUFG (Prop_bufg_I_O)         0.096     3.521 r  clk_IBUF_BUFG_inst/O
                         net (fo=36, routed)          1.621     5.142    clk_IBUF_BUFG
    SLICE_X63Y86         FDRE                                         r  tempo_reg[8]/C
  -------------------------------------------------------------------    -------------------
    SLICE_X63Y86         FDRE (Prop_fdre_C_Q)         0.456     5.598 f  tempo_reg[8]/Q
                         net (fo=2, routed)           0.679     6.277    tempo_reg_n_0_[8]
    SLICE_X62Y86         LUT4 (Prop_lut4_I3_O)        0.124     6.401 f  tempo[0]_i_8/O
                         net (fo=1, routed)           0.444     6.845    tempo[0]_i_8_n_0
    SLICE_X62Y86         LUT5 (Prop_lut5_I4_O)        0.124     6.969 f  tempo[0]_i_3/O
                         net (fo=3, routed)           0.830     7.799    tempo[0]_i_3_n_0
    SLICE_X62Y87         LUT4 (Prop_lut4_I2_O)        0.124     7.923 r  tempo[31]_i_1/O
                         net (fo=35, routed)          0.877     8.801    index
    SLICE_X63Y87         FDRE                                         r  tempo_reg[11]/R
  -------------------------------------------------------------------    -------------------

                         (clock clk rise edge)       10.000    10.000 r  
    W5                                                0.000    10.000 r  clk (IN)
                         net (fo=0)                   0.000    10.000    clk
    W5                   IBUF (Prop_ibuf_I_O)         1.388    11.388 r  clk_IBUF_inst/O
                         net (fo=1, routed)           1.862    13.250    clk_IBUF
    BUFGCTRL_X0Y0        BUFG (Prop_bufg_I_O)         0.091    13.341 r  clk_IBUF_BUFG_inst/O
                         net (fo=36, routed)          1.505    14.846    clk_IBUF_BUFG
    SLICE_X63Y87         FDRE                                         r  tempo_reg[11]/C
                         clock pessimism              0.272    15.118    
                         clock uncertainty           -0.035    15.083    
    SLICE_X63Y87         FDRE (Setup_fdre_C_R)       -0.429    14.654    tempo_reg[11]
  -------------------------------------------------------------------
                         required time                         14.654    
                         arrival time                          -8.801    
  -------------------------------------------------------------------
                         slack                                  5.853    

Slack (MET) :             5.853ns  (required time - arrival time)
  Source:                 tempo_reg[8]/C
                            (rising edge-triggered cell FDRE clocked by clk  {rise@0.000ns fall@5.000ns period=10.000ns})
  Destination:            tempo_reg[12]/R
                            (rising edge-triggered cell FDRE clocked by clk  {rise@0.000ns fall@5.000ns period=10.000ns})
  Path Group:             clk
  Path Type:              Setup (Max at Slow Process Corner)
  Requirement:            10.000ns  (clk rise@10.000ns - clk rise@0.000ns)
  Data Path Delay:        3.659ns  (logic 0.828ns (22.629%)  route 2.831ns (77.371%))
  Logic Levels:           3  (LUT4=2 LUT5=1)
  Clock Path Skew:        -0.024ns (DCD - SCD + CPR)
    Destination Clock Delay (DCD):    4.846ns = ( 14.846 - 10.000 ) 
    Source Clock Delay      (SCD):    5.142ns
    Clock Pessimism Removal (CPR):    0.272ns
  Clock Uncertainty:      0.035ns  ((TSJ^2 + TIJ^2)^1/2 + DJ) / 2 + PE
    Total System Jitter     (TSJ):    0.071ns
    Total Input Jitter      (TIJ):    0.000ns
    Discrete Jitter          (DJ):    0.000ns
    Phase Error              (PE):    0.000ns

    Location             Delay type                Incr(ns)  Path(ns)    Netlist Resource(s)
  -------------------------------------------------------------------    -------------------
                         (clock clk rise edge)        0.000     0.000 r  
    W5                                                0.000     0.000 r  clk (IN)
                         net (fo=0)                   0.000     0.000    clk
    W5                   IBUF (Prop_ibuf_I_O)         1.458     1.458 r  clk_IBUF_inst/O
                         net (fo=1, routed)           1.967     3.425    clk_IBUF
    BUFGCTRL_X0Y0        BUFG (Prop_bufg_I_O)         0.096     3.521 r  clk_IBUF_BUFG_inst/O
                         net (fo=36, routed)          1.621     5.142    clk_IBUF_BUFG
    SLICE_X63Y86         FDRE                                         r  tempo_reg[8]/C
  -------------------------------------------------------------------    -------------------
    SLICE_X63Y86         FDRE (Prop_fdre_C_Q)         0.456     5.598 f  tempo_reg[8]/Q
                         net (fo=2, routed)           0.679     6.277    tempo_reg_n_0_[8]
    SLICE_X62Y86         LUT4 (Prop_lut4_I3_O)        0.124     6.401 f  tempo[0]_i_8/O
                         net (fo=1, routed)           0.444     6.845    tempo[0]_i_8_n_0
    SLICE_X62Y86         LUT5 (Prop_lut5_I4_O)        0.124     6.969 f  tempo[0]_i_3/O
                         net (fo=3, routed)           0.830     7.799    tempo[0]_i_3_n_0
    SLICE_X62Y87         LUT4 (Prop_lut4_I2_O)        0.124     7.923 r  tempo[31]_i_1/O
                         net (fo=35, routed)          0.877     8.801    index
    SLICE_X63Y87         FDRE                                         r  tempo_reg[12]/R
  -------------------------------------------------------------------    -------------------

                         (clock clk rise edge)       10.000    10.000 r  
    W5                                                0.000    10.000 r  clk (IN)
                         net (fo=0)                   0.000    10.000    clk
    W5                   IBUF (Prop_ibuf_I_O)         1.388    11.388 r  clk_IBUF_inst/O
                         net (fo=1, routed)           1.862    13.250    clk_IBUF
    BUFGCTRL_X0Y0        BUFG (Prop_bufg_I_O)         0.091    13.341 r  clk_IBUF_BUFG_inst/O
                         net (fo=36, routed)          1.505    14.846    clk_IBUF_BUFG
    SLICE_X63Y87         FDRE                                         r  tempo_reg[12]/C
                         clock pessimism              0.272    15.118    
                         clock uncertainty           -0.035    15.083    
    SLICE_X63Y87         FDRE (Setup_fdre_C_R)       -0.429    14.654    tempo_reg[12]
  -------------------------------------------------------------------
                         required time                         14.654    
                         arrival time                          -8.801    
  -------------------------------------------------------------------
                         slack                                  5.853    





Min Delay Paths
--------------------------------------------------------------------------------------
Slack (MET) :             0.263ns  (arrival time - required time)
  Source:                 tempo_reg[12]/C
                            (rising edge-triggered cell FDRE clocked by clk  {rise@0.000ns fall@5.000ns period=10.000ns})
  Destination:            tempo_reg[12]/D
                            (rising edge-triggered cell FDRE clocked by clk  {rise@0.000ns fall@5.000ns period=10.000ns})
  Path Group:             clk
  Path Type:              Hold (Min at Fast Process Corner)
  Requirement:            0.000ns  (clk rise@0.000ns - clk rise@0.000ns)
  Data Path Delay:        0.368ns  (logic 0.249ns (67.612%)  route 0.119ns (32.388%))
  Logic Levels:           1  (CARRY4=1)
  Clock Path Skew:        0.000ns (DCD - SCD - CPR)
    Destination Clock Delay (DCD):    1.987ns
    Source Clock Delay      (SCD):    1.473ns
    Clock Pessimism Removal (CPR):    0.514ns

    Location             Delay type                Incr(ns)  Path(ns)    Netlist Resource(s)
  -------------------------------------------------------------------    -------------------
                         (clock clk rise edge)        0.000     0.000 r  
    W5                                                0.000     0.000 r  clk (IN)
                         net (fo=0)                   0.000     0.000    clk
    W5                   IBUF (Prop_ibuf_I_O)         0.226     0.226 r  clk_IBUF_inst/O
                         net (fo=1, routed)           0.631     0.858    clk_IBUF
    BUFGCTRL_X0Y0        BUFG (Prop_bufg_I_O)         0.026     0.884 r  clk_IBUF_BUFG_inst/O
                         net (fo=36, routed)          0.590     1.473    clk_IBUF_BUFG
    SLICE_X63Y87         FDRE                                         r  tempo_reg[12]/C
  -------------------------------------------------------------------    -------------------
    SLICE_X63Y87         FDRE (Prop_fdre_C_Q)         0.141     1.614 r  tempo_reg[12]/Q
                         net (fo=2, routed)           0.119     1.734    tempo_reg_n_0_[12]
    SLICE_X63Y87         CARRY4 (Prop_carry4_S[3]_O[3])
                                                      0.108     1.842 r  tempo_reg[12]_i_1/O[3]
                         net (fo=1, routed)           0.000     1.842    data0[12]
    SLICE_X63Y87         FDRE                                         r  tempo_reg[12]/D
  -------------------------------------------------------------------    -------------------

                         (clock clk rise edge)        0.000     0.000 r  
    W5                                                0.000     0.000 r  clk (IN)
                         net (fo=0)                   0.000     0.000    clk
    W5                   IBUF (Prop_ibuf_I_O)         0.414     0.414 r  clk_IBUF_inst/O
                         net (fo=1, routed)           0.685     1.099    clk_IBUF
    BUFGCTRL_X0Y0        BUFG (Prop_bufg_I_O)         0.029     1.128 r  clk_IBUF_BUFG_inst/O
                         net (fo=36, routed)          0.859     1.987    clk_IBUF_BUFG
    SLICE_X63Y87         FDRE                                         r  tempo_reg[12]/C
                         clock pessimism             -0.514     1.473    
    SLICE_X63Y87         FDRE (Hold_fdre_C_D)         0.105     1.578    tempo_reg[12]
  -------------------------------------------------------------------
                         required time                         -1.578    
                         arrival time                           1.842    
  -------------------------------------------------------------------
                         slack                                  0.263    

Slack (MET) :             0.263ns  (arrival time - required time)
  Source:                 tempo_reg[16]/C
                            (rising edge-triggered cell FDRE clocked by clk  {rise@0.000ns fall@5.000ns period=10.000ns})
  Destination:            tempo_reg[16]/D
                            (rising edge-triggered cell FDRE clocked by clk  {rise@0.000ns fall@5.000ns period=10.000ns})
  Path Group:             clk
  Path Type:              Hold (Min at Fast Process Corner)
  Requirement:            0.000ns  (clk rise@0.000ns - clk rise@0.000ns)
  Data Path Delay:        0.368ns  (logic 0.249ns (67.612%)  route 0.119ns (32.388%))
  Logic Levels:           1  (CARRY4=1)
  Clock Path Skew:        0.000ns (DCD - SCD - CPR)
    Destination Clock Delay (DCD):    1.989ns
    Source Clock Delay      (SCD):    1.474ns
    Clock Pessimism Removal (CPR):    0.515ns

    Location             Delay type                Incr(ns)  Path(ns)    Netlist Resource(s)
  -------------------------------------------------------------------    -------------------
                         (clock clk rise edge)        0.000     0.000 r  
    W5                                                0.000     0.000 r  clk (IN)
                         net (fo=0)                   0.000     0.000    clk
    W5                   IBUF (Prop_ibuf_I_O)         0.226     0.226 r  clk_IBUF_inst/O
                         net (fo=1, routed)           0.631     0.858    clk_IBUF
    BUFGCTRL_X0Y0        BUFG (Prop_bufg_I_O)         0.026     0.884 r  clk_IBUF_BUFG_inst/O
                         net (fo=36, routed)          0.591     1.474    clk_IBUF_BUFG
    SLICE_X63Y88         FDRE                                         r  tempo_reg[16]/C
  -------------------------------------------------------------------    -------------------
    SLICE_X63Y88         FDRE (Prop_fdre_C_Q)         0.141     1.615 r  tempo_reg[16]/Q
                         net (fo=2, routed)           0.119     1.735    tempo_reg_n_0_[16]
    SLICE_X63Y88         CARRY4 (Prop_carry4_S[3]_O[3])
                                                      0.108     1.843 r  tempo_reg[16]_i_1/O[3]
                         net (fo=1, routed)           0.000     1.843    data0[16]
    SLICE_X63Y88         FDRE                                         r  tempo_reg[16]/D
  -------------------------------------------------------------------    -------------------

                         (clock clk rise edge)        0.000     0.000 r  
    W5                                                0.000     0.000 r  clk (IN)
                         net (fo=0)                   0.000     0.000    clk
    W5                   IBUF (Prop_ibuf_I_O)         0.414     0.414 r  clk_IBUF_inst/O
                         net (fo=1, routed)           0.685     1.099    clk_IBUF
    BUFGCTRL_X0Y0        BUFG (Prop_bufg_I_O)         0.029     1.128 r  clk_IBUF_BUFG_inst/O
                         net (fo=36, routed)          0.861     1.989    clk_IBUF_BUFG
    SLICE_X63Y88         FDRE                                         r  tempo_reg[16]/C
                         clock pessimism             -0.515     1.474    
    SLICE_X63Y88         FDRE (Hold_fdre_C_D)         0.105     1.579    tempo_reg[16]
  -------------------------------------------------------------------
                         required time                         -1.579    
                         arrival time                           1.843    
  -------------------------------------------------------------------
                         slack                                  0.263    

Slack (MET) :             0.263ns  (arrival time - required time)
  Source:                 tempo_reg[20]/C
                            (rising edge-triggered cell FDRE clocked by clk  {rise@0.000ns fall@5.000ns period=10.000ns})
  Destination:            tempo_reg[20]/D
                            (rising edge-triggered cell FDRE clocked by clk  {rise@0.000ns fall@5.000ns period=10.000ns})
  Path Group:             clk
  Path Type:              Hold (Min at Fast Process Corner)
  Requirement:            0.000ns  (clk rise@0.000ns - clk rise@0.000ns)
  Data Path Delay:        0.368ns  (logic 0.249ns (67.612%)  route 0.119ns (32.388%))
  Logic Levels:           1  (CARRY4=1)
  Clock Path Skew:        0.000ns (DCD - SCD - CPR)
    Destination Clock Delay (DCD):    1.989ns
    Source Clock Delay      (SCD):    1.474ns
    Clock Pessimism Removal (CPR):    0.515ns

    Location             Delay type                Incr(ns)  Path(ns)    Netlist Resource(s)
  -------------------------------------------------------------------    -------------------
                         (clock clk rise edge)        0.000     0.000 r  
    W5                                                0.000     0.000 r  clk (IN)
                         net (fo=0)                   0.000     0.000    clk
    W5                   IBUF (Prop_ibuf_I_O)         0.226     0.226 r  clk_IBUF_inst/O
                         net (fo=1, routed)           0.631     0.858    clk_IBUF
    BUFGCTRL_X0Y0        BUFG (Prop_bufg_I_O)         0.026     0.884 r  clk_IBUF_BUFG_inst/O
                         net (fo=36, routed)          0.591     1.474    clk_IBUF_BUFG
    SLICE_X63Y89         FDRE                                         r  tempo_reg[20]/C
  -------------------------------------------------------------------    -------------------
    SLICE_X63Y89         FDRE (Prop_fdre_C_Q)         0.141     1.615 r  tempo_reg[20]/Q
                         net (fo=2, routed)           0.119     1.735    tempo_reg_n_0_[20]
    SLICE_X63Y89         CARRY4 (Prop_carry4_S[3]_O[3])
                                                      0.108     1.843 r  tempo_reg[20]_i_1/O[3]
                         net (fo=1, routed)           0.000     1.843    data0[20]
    SLICE_X63Y89         FDRE                                         r  tempo_reg[20]/D
  -------------------------------------------------------------------    -------------------

                         (clock clk rise edge)        0.000     0.000 r  
    W5                                                0.000     0.000 r  clk (IN)
                         net (fo=0)                   0.000     0.000    clk
    W5                   IBUF (Prop_ibuf_I_O)         0.414     0.414 r  clk_IBUF_inst/O
                         net (fo=1, routed)           0.685     1.099    clk_IBUF
    BUFGCTRL_X0Y0        BUFG (Prop_bufg_I_O)         0.029     1.128 r  clk_IBUF_BUFG_inst/O
                         net (fo=36, routed)          0.861     1.989    clk_IBUF_BUFG
    SLICE_X63Y89         FDRE                                         r  tempo_reg[20]/C
                         clock pessimism             -0.515     1.474    
    SLICE_X63Y89         FDRE (Hold_fdre_C_D)         0.105     1.579    tempo_reg[20]
  -------------------------------------------------------------------
                         required time                         -1.579    
                         arrival time                           1.843    
  -------------------------------------------------------------------
                         slack                                  0.263    

Slack (MET) :             0.263ns  (arrival time - required time)
  Source:                 tempo_reg[24]/C
                            (rising edge-triggered cell FDRE clocked by clk  {rise@0.000ns fall@5.000ns period=10.000ns})
  Destination:            tempo_reg[24]/D
                            (rising edge-triggered cell FDRE clocked by clk  {rise@0.000ns fall@5.000ns period=10.000ns})
  Path Group:             clk
  Path Type:              Hold (Min at Fast Process Corner)
  Requirement:            0.000ns  (clk rise@0.000ns - clk rise@0.000ns)
  Data Path Delay:        0.368ns  (logic 0.249ns (67.612%)  route 0.119ns (32.388%))
  Logic Levels:           1  (CARRY4=1)
  Clock Path Skew:        0.000ns (DCD - SCD - CPR)
    Destination Clock Delay (DCD):    1.990ns
    Source Clock Delay      (SCD):    1.475ns
    Clock Pessimism Removal (CPR):    0.515ns

    Location             Delay type                Incr(ns)  Path(ns)    Netlist Resource(s)
  -------------------------------------------------------------------    -------------------
                         (clock clk rise edge)        0.000     0.000 r  
    W5                                                0.000     0.000 r  clk (IN)
                         net (fo=0)                   0.000     0.000    clk
    W5                   IBUF (Prop_ibuf_I_O)         0.226     0.226 r  clk_IBUF_inst/O
                         net (fo=1, routed)           0.631     0.858    clk_IBUF
    BUFGCTRL_X0Y0        BUFG (Prop_bufg_I_O)         0.026     0.884 r  clk_IBUF_BUFG_inst/O
                         net (fo=36, routed)          0.592     1.475    clk_IBUF_BUFG
    SLICE_X63Y90         FDRE                                         r  tempo_reg[24]/C
  -------------------------------------------------------------------    -------------------
    SLICE_X63Y90         FDRE (Prop_fdre_C_Q)         0.141     1.616 r  tempo_reg[24]/Q
                         net (fo=2, routed)           0.119     1.736    tempo_reg_n_0_[24]
    SLICE_X63Y90         CARRY4 (Prop_carry4_S[3]_O[3])
                                                      0.108     1.844 r  tempo_reg[24]_i_1/O[3]
                         net (fo=1, routed)           0.000     1.844    data0[24]
    SLICE_X63Y90         FDRE                                         r  tempo_reg[24]/D
  -------------------------------------------------------------------    -------------------

                         (clock clk rise edge)        0.000     0.000 r  
    W5                                                0.000     0.000 r  clk (IN)
                         net (fo=0)                   0.000     0.000    clk
    W5                   IBUF (Prop_ibuf_I_O)         0.414     0.414 r  clk_IBUF_inst/O
                         net (fo=1, routed)           0.685     1.099    clk_IBUF
    BUFGCTRL_X0Y0        BUFG (Prop_bufg_I_O)         0.029     1.128 r  clk_IBUF_BUFG_inst/O
                         net (fo=36, routed)          0.862     1.990    clk_IBUF_BUFG
    SLICE_X63Y90         FDRE                                         r  tempo_reg[24]/C
                         clock pessimism             -0.515     1.475    
    SLICE_X63Y90         FDRE (Hold_fdre_C_D)         0.105     1.580    tempo_reg[24]
  -------------------------------------------------------------------
                         required time                         -1.580    
                         arrival time                           1.844    
  -------------------------------------------------------------------
                         slack                                  0.263    

Slack (MET) :             0.263ns  (arrival time - required time)
  Source:                 tempo_reg[28]/C
                            (rising edge-triggered cell FDRE clocked by clk  {rise@0.000ns fall@5.000ns period=10.000ns})
  Destination:            tempo_reg[28]/D
                            (rising edge-triggered cell FDRE clocked by clk  {rise@0.000ns fall@5.000ns period=10.000ns})
  Path Group:             clk
  Path Type:              Hold (Min at Fast Process Corner)
  Requirement:            0.000ns  (clk rise@0.000ns - clk rise@0.000ns)
  Data Path Delay:        0.368ns  (logic 0.249ns (67.612%)  route 0.119ns (32.388%))
  Logic Levels:           1  (CARRY4=1)
  Clock Path Skew:        0.000ns (DCD - SCD - CPR)
    Destination Clock Delay (DCD):    1.990ns
    Source Clock Delay      (SCD):    1.475ns
    Clock Pessimism Removal (CPR):    0.515ns

    Location             Delay type                Incr(ns)  Path(ns)    Netlist Resource(s)
  -------------------------------------------------------------------    -------------------
                         (clock clk rise edge)        0.000     0.000 r  
    W5                                                0.000     0.000 r  clk (IN)
                         net (fo=0)                   0.000     0.000    clk
    W5                   IBUF (Prop_ibuf_I_O)         0.226     0.226 r  clk_IBUF_inst/O
                         net (fo=1, routed)           0.631     0.858    clk_IBUF
    BUFGCTRL_X0Y0        BUFG (Prop_bufg_I_O)         0.026     0.884 r  clk_IBUF_BUFG_inst/O
                         net (fo=36, routed)          0.592     1.475    clk_IBUF_BUFG
    SLICE_X63Y91         FDRE                                         r  tempo_reg[28]/C
  -------------------------------------------------------------------    -------------------
    SLICE_X63Y91         FDRE (Prop_fdre_C_Q)         0.141     1.616 r  tempo_reg[28]/Q
                         net (fo=2, routed)           0.119     1.736    tempo_reg_n_0_[28]
    SLICE_X63Y91         CARRY4 (Prop_carry4_S[3]_O[3])
                                                      0.108     1.844 r  tempo_reg[28]_i_1/O[3]
                         net (fo=1, routed)           0.000     1.844    data0[28]
    SLICE_X63Y91         FDRE                                         r  tempo_reg[28]/D
  -------------------------------------------------------------------    -------------------

                         (clock clk rise edge)        0.000     0.000 r  
    W5                                                0.000     0.000 r  clk (IN)
                         net (fo=0)                   0.000     0.000    clk
    W5                   IBUF (Prop_ibuf_I_O)         0.414     0.414 r  clk_IBUF_inst/O
                         net (fo=1, routed)           0.685     1.099    clk_IBUF
    BUFGCTRL_X0Y0        BUFG (Prop_bufg_I_O)         0.029     1.128 r  clk_IBUF_BUFG_inst/O
                         net (fo=36, routed)          0.862     1.990    clk_IBUF_BUFG
    SLICE_X63Y91         FDRE                                         r  tempo_reg[28]/C
                         clock pessimism             -0.515     1.475    
    SLICE_X63Y91         FDRE (Hold_fdre_C_D)         0.105     1.580    tempo_reg[28]
  -------------------------------------------------------------------
                         required time                         -1.580    
                         arrival time                           1.844    
  -------------------------------------------------------------------
                         slack                                  0.263    

Slack (MET) :             0.263ns  (arrival time - required time)
  Source:                 tempo_reg[8]/C
                            (rising edge-triggered cell FDRE clocked by clk  {rise@0.000ns fall@5.000ns period=10.000ns})
  Destination:            tempo_reg[8]/D
                            (rising edge-triggered cell FDRE clocked by clk  {rise@0.000ns fall@5.000ns period=10.000ns})
  Path Group:             clk
  Path Type:              Hold (Min at Fast Process Corner)
  Requirement:            0.000ns  (clk rise@0.000ns - clk rise@0.000ns)
  Data Path Delay:        0.368ns  (logic 0.249ns (67.612%)  route 0.119ns (32.388%))
  Logic Levels:           1  (CARRY4=1)
  Clock Path Skew:        0.000ns (DCD - SCD - CPR)
    Destination Clock Delay (DCD):    1.986ns
    Source Clock Delay      (SCD):    1.472ns
    Clock Pessimism Removal (CPR):    0.514ns

    Location             Delay type                Incr(ns)  Path(ns)    Netlist Resource(s)
  -------------------------------------------------------------------    -------------------
                         (clock clk rise edge)        0.000     0.000 r  
    W5                                                0.000     0.000 r  clk (IN)
                         net (fo=0)                   0.000     0.000    clk
    W5                   IBUF (Prop_ibuf_I_O)         0.226     0.226 r  clk_IBUF_inst/O
                         net (fo=1, routed)           0.631     0.858    clk_IBUF
    BUFGCTRL_X0Y0        BUFG (Prop_bufg_I_O)         0.026     0.884 r  clk_IBUF_BUFG_inst/O
                         net (fo=36, routed)          0.589     1.472    clk_IBUF_BUFG
    SLICE_X63Y86         FDRE                                         r  tempo_reg[8]/C
  -------------------------------------------------------------------    -------------------
    SLICE_X63Y86         FDRE (Prop_fdre_C_Q)         0.141     1.613 r  tempo_reg[8]/Q
                         net (fo=2, routed)           0.119     1.733    tempo_reg_n_0_[8]
    SLICE_X63Y86         CARRY4 (Prop_carry4_S[3]_O[3])
                                                      0.108     1.841 r  tempo_reg[8]_i_1/O[3]
                         net (fo=1, routed)           0.000     1.841    data0[8]
    SLICE_X63Y86         FDRE                                         r  tempo_reg[8]/D
  -------------------------------------------------------------------    -------------------

                         (clock clk rise edge)        0.000     0.000 r  
    W5                                                0.000     0.000 r  clk (IN)
                         net (fo=0)                   0.000     0.000    clk
    W5                   IBUF (Prop_ibuf_I_O)         0.414     0.414 r  clk_IBUF_inst/O
                         net (fo=1, routed)           0.685     1.099    clk_IBUF
    BUFGCTRL_X0Y0        BUFG (Prop_bufg_I_O)         0.029     1.128 r  clk_IBUF_BUFG_inst/O
                         net (fo=36, routed)          0.858     1.986    clk_IBUF_BUFG
    SLICE_X63Y86         FDRE                                         r  tempo_reg[8]/C
                         clock pessimism             -0.514     1.472    
    SLICE_X63Y86         FDRE (Hold_fdre_C_D)         0.105     1.577    tempo_reg[8]
  -------------------------------------------------------------------
                         required time                         -1.577    
                         arrival time                           1.841    
  -------------------------------------------------------------------
                         slack                                  0.263    

Slack (MET) :             0.264ns  (arrival time - required time)
  Source:                 tempo_reg[4]/C
                            (rising edge-triggered cell FDRE clocked by clk  {rise@0.000ns fall@5.000ns period=10.000ns})
  Destination:            tempo_reg[4]/D
                            (rising edge-triggered cell FDRE clocked by clk  {rise@0.000ns fall@5.000ns period=10.000ns})
  Path Group:             clk
  Path Type:              Hold (Min at Fast Process Corner)
  Requirement:            0.000ns  (clk rise@0.000ns - clk rise@0.000ns)
  Data Path Delay:        0.369ns  (logic 0.249ns (67.424%)  route 0.120ns (32.576%))
  Logic Levels:           1  (CARRY4=1)
  Clock Path Skew:        0.000ns (DCD - SCD - CPR)
    Destination Clock Delay (DCD):    1.986ns
    Source Clock Delay      (SCD):    1.472ns
    Clock Pessimism Removal (CPR):    0.514ns

    Location             Delay type                Incr(ns)  Path(ns)    Netlist Resource(s)
  -------------------------------------------------------------------    -------------------
                         (clock clk rise edge)        0.000     0.000 r  
    W5                                                0.000     0.000 r  clk (IN)
                         net (fo=0)                   0.000     0.000    clk
    W5                   IBUF (Prop_ibuf_I_O)         0.226     0.226 r  clk_IBUF_inst/O
                         net (fo=1, routed)           0.631     0.858    clk_IBUF
    BUFGCTRL_X0Y0        BUFG (Prop_bufg_I_O)         0.026     0.884 r  clk_IBUF_BUFG_inst/O
                         net (fo=36, routed)          0.589     1.472    clk_IBUF_BUFG
    SLICE_X63Y85         FDRE                                         r  tempo_reg[4]/C
  -------------------------------------------------------------------    -------------------
    SLICE_X63Y85         FDRE (Prop_fdre_C_Q)         0.141     1.613 r  tempo_reg[4]/Q
                         net (fo=2, routed)           0.120     1.734    tempo_reg_n_0_[4]
    SLICE_X63Y85         CARRY4 (Prop_carry4_S[3]_O[3])
                                                      0.108     1.842 r  tempo_reg[4]_i_1/O[3]
                         net (fo=1, routed)           0.000     1.842    data0[4]
    SLICE_X63Y85         FDRE                                         r  tempo_reg[4]/D
  -------------------------------------------------------------------    -------------------

                         (clock clk rise edge)        0.000     0.000 r  
    W5                                                0.000     0.000 r  clk (IN)
                         net (fo=0)                   0.000     0.000    clk
    W5                   IBUF (Prop_ibuf_I_O)         0.414     0.414 r  clk_IBUF_inst/O
                         net (fo=1, routed)           0.685     1.099    clk_IBUF
    BUFGCTRL_X0Y0        BUFG (Prop_bufg_I_O)         0.029     1.128 r  clk_IBUF_BUFG_inst/O
                         net (fo=36, routed)          0.858     1.986    clk_IBUF_BUFG
    SLICE_X63Y85         FDRE                                         r  tempo_reg[4]/C
                         clock pessimism             -0.514     1.472    
    SLICE_X63Y85         FDRE (Hold_fdre_C_D)         0.105     1.577    tempo_reg[4]
  -------------------------------------------------------------------
                         required time                         -1.577    
                         arrival time                           1.842    
  -------------------------------------------------------------------
                         slack                                  0.264    

Slack (MET) :             0.265ns  (arrival time - required time)
  Source:                 tempo_reg[5]/C
                            (rising edge-triggered cell FDRE clocked by clk  {rise@0.000ns fall@5.000ns period=10.000ns})
  Destination:            tempo_reg[5]/D
                            (rising edge-triggered cell FDRE clocked by clk  {rise@0.000ns fall@5.000ns period=10.000ns})
  Path Group:             clk
  Path Type:              Hold (Min at Fast Process Corner)
  Requirement:            0.000ns  (clk rise@0.000ns - clk rise@0.000ns)
  Data Path Delay:        0.370ns  (logic 0.256ns (69.181%)  route 0.114ns (30.819%))
  Logic Levels:           1  (CARRY4=1)
  Clock Path Skew:        0.000ns (DCD - SCD - CPR)
    Destination Clock Delay (DCD):    1.986ns
    Source Clock Delay      (SCD):    1.472ns
    Clock Pessimism Removal (CPR):    0.514ns

    Location             Delay type                Incr(ns)  Path(ns)    Netlist Resource(s)
  -------------------------------------------------------------------    -------------------
                         (clock clk rise edge)        0.000     0.000 r  
    W5                                                0.000     0.000 r  clk (IN)
                         net (fo=0)                   0.000     0.000    clk
    W5                   IBUF (Prop_ibuf_I_O)         0.226     0.226 r  clk_IBUF_inst/O
                         net (fo=1, routed)           0.631     0.858    clk_IBUF
    BUFGCTRL_X0Y0        BUFG (Prop_bufg_I_O)         0.026     0.884 r  clk_IBUF_BUFG_inst/O
                         net (fo=36, routed)          0.589     1.472    clk_IBUF_BUFG
    SLICE_X63Y86         FDRE                                         r  tempo_reg[5]/C
  -------------------------------------------------------------------    -------------------
    SLICE_X63Y86         FDRE (Prop_fdre_C_Q)         0.141     1.613 r  tempo_reg[5]/Q
                         net (fo=2, routed)           0.114     1.727    tempo_reg_n_0_[5]
    SLICE_X63Y86         CARRY4 (Prop_carry4_S[0]_O[0])
                                                      0.115     1.842 r  tempo_reg[8]_i_1/O[0]
                         net (fo=1, routed)           0.000     1.842    data0[5]
    SLICE_X63Y86         FDRE                                         r  tempo_reg[5]/D
  -------------------------------------------------------------------    -------------------

                         (clock clk rise edge)        0.000     0.000 r  
    W5                                                0.000     0.000 r  clk (IN)
                         net (fo=0)                   0.000     0.000    clk
    W5                   IBUF (Prop_ibuf_I_O)         0.414     0.414 r  clk_IBUF_inst/O
                         net (fo=1, routed)           0.685     1.099    clk_IBUF
    BUFGCTRL_X0Y0        BUFG (Prop_bufg_I_O)         0.029     1.128 r  clk_IBUF_BUFG_inst/O
                         net (fo=36, routed)          0.858     1.986    clk_IBUF_BUFG
    SLICE_X63Y86         FDRE                                         r  tempo_reg[5]/C
                         clock pessimism             -0.514     1.472    
    SLICE_X63Y86         FDRE (Hold_fdre_C_D)         0.105     1.577    tempo_reg[5]
  -------------------------------------------------------------------
                         required time                         -1.577    
                         arrival time                           1.842    
  -------------------------------------------------------------------
                         slack                                  0.265    

Slack (MET) :             0.267ns  (arrival time - required time)
  Source:                 tempo_reg[11]/C
                            (rising edge-triggered cell FDRE clocked by clk  {rise@0.000ns fall@5.000ns period=10.000ns})
  Destination:            tempo_reg[11]/D
                            (rising edge-triggered cell FDRE clocked by clk  {rise@0.000ns fall@5.000ns period=10.000ns})
  Path Group:             clk
  Path Type:              Hold (Min at Fast Process Corner)
  Requirement:            0.000ns  (clk rise@0.000ns - clk rise@0.000ns)
  Data Path Delay:        0.372ns  (logic 0.252ns (67.654%)  route 0.120ns (32.346%))
  Logic Levels:           1  (CARRY4=1)
  Clock Path Skew:        0.000ns (DCD - SCD - CPR)
    Destination Clock Delay (DCD):    1.987ns
    Source Clock Delay      (SCD):    1.473ns
    Clock Pessimism Removal (CPR):    0.514ns

    Location             Delay type                Incr(ns)  Path(ns)    Netlist Resource(s)
  -------------------------------------------------------------------    -------------------
                         (clock clk rise edge)        0.000     0.000 r  
    W5                                                0.000     0.000 r  clk (IN)
                         net (fo=0)                   0.000     0.000    clk
    W5                   IBUF (Prop_ibuf_I_O)         0.226     0.226 r  clk_IBUF_inst/O
                         net (fo=1, routed)           0.631     0.858    clk_IBUF
    BUFGCTRL_X0Y0        BUFG (Prop_bufg_I_O)         0.026     0.884 r  clk_IBUF_BUFG_inst/O
                         net (fo=36, routed)          0.590     1.473    clk_IBUF_BUFG
    SLICE_X63Y87         FDRE                                         r  tempo_reg[11]/C
  -------------------------------------------------------------------    -------------------
    SLICE_X63Y87         FDRE (Prop_fdre_C_Q)         0.141     1.614 r  tempo_reg[11]/Q
                         net (fo=2, routed)           0.120     1.735    tempo_reg_n_0_[11]
    SLICE_X63Y87         CARRY4 (Prop_carry4_S[2]_O[2])
                                                      0.111     1.846 r  tempo_reg[12]_i_1/O[2]
                         net (fo=1, routed)           0.000     1.846    data0[11]
    SLICE_X63Y87         FDRE                                         r  tempo_reg[11]/D
  -------------------------------------------------------------------    -------------------

                         (clock clk rise edge)        0.000     0.000 r  
    W5                                                0.000     0.000 r  clk (IN)
                         net (fo=0)                   0.000     0.000    clk
    W5                   IBUF (Prop_ibuf_I_O)         0.414     0.414 r  clk_IBUF_inst/O
                         net (fo=1, routed)           0.685     1.099    clk_IBUF
    BUFGCTRL_X0Y0        BUFG (Prop_bufg_I_O)         0.029     1.128 r  clk_IBUF_BUFG_inst/O
                         net (fo=36, routed)          0.859     1.987    clk_IBUF_BUFG
    SLICE_X63Y87         FDRE                                         r  tempo_reg[11]/C
                         clock pessimism             -0.514     1.473    
    SLICE_X63Y87         FDRE (Hold_fdre_C_D)         0.105     1.578    tempo_reg[11]
  -------------------------------------------------------------------
                         required time                         -1.578    
                         arrival time                           1.846    
  -------------------------------------------------------------------
                         slack                                  0.267    

Slack (MET) :             0.267ns  (arrival time - required time)
  Source:                 tempo_reg[15]/C
                            (rising edge-triggered cell FDRE clocked by clk  {rise@0.000ns fall@5.000ns period=10.000ns})
  Destination:            tempo_reg[15]/D
                            (rising edge-triggered cell FDRE clocked by clk  {rise@0.000ns fall@5.000ns period=10.000ns})
  Path Group:             clk
  Path Type:              Hold (Min at Fast Process Corner)
  Requirement:            0.000ns  (clk rise@0.000ns - clk rise@0.000ns)
  Data Path Delay:        0.372ns  (logic 0.252ns (67.654%)  route 0.120ns (32.346%))
  Logic Levels:           1  (CARRY4=1)
  Clock Path Skew:        0.000ns (DCD - SCD - CPR)
    Destination Clock Delay (DCD):    1.989ns
    Source Clock Delay      (SCD):    1.474ns
    Clock Pessimism Removal (CPR):    0.515ns

    Location             Delay type                Incr(ns)  Path(ns)    Netlist Resource(s)
  -------------------------------------------------------------------    -------------------
                         (clock clk rise edge)        0.000     0.000 r  
    W5                                                0.000     0.000 r  clk (IN)
                         net (fo=0)                   0.000     0.000    clk
    W5                   IBUF (Prop_ibuf_I_O)         0.226     0.226 r  clk_IBUF_inst/O
                         net (fo=1, routed)           0.631     0.858    clk_IBUF
    BUFGCTRL_X0Y0        BUFG (Prop_bufg_I_O)         0.026     0.884 r  clk_IBUF_BUFG_inst/O
                         net (fo=36, routed)          0.591     1.474    clk_IBUF_BUFG
    SLICE_X63Y88         FDRE                                         r  tempo_reg[15]/C
  -------------------------------------------------------------------    -------------------
    SLICE_X63Y88         FDRE (Prop_fdre_C_Q)         0.141     1.615 r  tempo_reg[15]/Q
                         net (fo=2, routed)           0.120     1.736    tempo_reg_n_0_[15]
    SLICE_X63Y88         CARRY4 (Prop_carry4_S[2]_O[2])
                                                      0.111     1.847 r  tempo_reg[16]_i_1/O[2]
                         net (fo=1, routed)           0.000     1.847    data0[15]
    SLICE_X63Y88         FDRE                                         r  tempo_reg[15]/D
  -------------------------------------------------------------------    -------------------

                         (clock clk rise edge)        0.000     0.000 r  
    W5                                                0.000     0.000 r  clk (IN)
                         net (fo=0)                   0.000     0.000    clk
    W5                   IBUF (Prop_ibuf_I_O)         0.414     0.414 r  clk_IBUF_inst/O
                         net (fo=1, routed)           0.685     1.099    clk_IBUF
    BUFGCTRL_X0Y0        BUFG (Prop_bufg_I_O)         0.029     1.128 r  clk_IBUF_BUFG_inst/O
                         net (fo=36, routed)          0.861     1.989    clk_IBUF_BUFG
    SLICE_X63Y88         FDRE                                         r  tempo_reg[15]/C
                         clock pessimism             -0.515     1.474    
    SLICE_X63Y88         FDRE (Hold_fdre_C_D)         0.105     1.579    tempo_reg[15]
  -------------------------------------------------------------------
                         required time                         -1.579    
                         arrival time                           1.847    
  -------------------------------------------------------------------
                         slack                                  0.267    





Pulse Width Checks
--------------------------------------------------------------------------------------
Clock Name:         clk
Waveform(ns):       { 0.000 5.000 }
Period(ns):         10.000
Sources:            { clk }

Check Type        Corner  Lib Pin  Reference Pin  Required(ns)  Actual(ns)  Slack(ns)  Location       Pin
Min Period        n/a     BUFG/I   n/a            2.155         10.000      7.845      BUFGCTRL_X0Y0  clk_IBUF_BUFG_inst/I
Min Period        n/a     FDRE/C   n/a            1.000         10.000      9.000      SLICE_X62Y83   index_reg[0]/C
Min Period        n/a     FDRE/C   n/a            1.000         10.000      9.000      SLICE_X62Y83   index_reg[1]/C
Min Period        n/a     FDRE/C   n/a            1.000         10.000      9.000      SLICE_X62Y83   index_reg[2]/C
Min Period        n/a     FDRE/C   n/a            1.000         10.000      9.000      SLICE_X62Y83   index_reg[3]/C
Min Period        n/a     FDRE/C   n/a            1.000         10.000      9.000      SLICE_X62Y87   tempo_reg[0]/C
Min Period        n/a     FDRE/C   n/a            1.000         10.000      9.000      SLICE_X63Y87   tempo_reg[10]/C
Min Period        n/a     FDRE/C   n/a            1.000         10.000      9.000      SLICE_X63Y87   tempo_reg[11]/C
Min Period        n/a     FDRE/C   n/a            1.000         10.000      9.000      SLICE_X63Y87   tempo_reg[12]/C
Min Period        n/a     FDRE/C   n/a            1.000         10.000      9.000      SLICE_X63Y88   tempo_reg[13]/C
Low Pulse Width   Slow    FDRE/C   n/a            0.500         5.000       4.500      SLICE_X62Y87   tempo_reg[0]/C
Low Pulse Width   Slow    FDRE/C   n/a            0.500         5.000       4.500      SLICE_X63Y87   tempo_reg[10]/C
Low Pulse Width   Slow    FDRE/C   n/a            0.500         5.000       4.500      SLICE_X63Y87   tempo_reg[11]/C
Low Pulse Width   Slow    FDRE/C   n/a            0.500         5.000       4.500      SLICE_X63Y87   tempo_reg[12]/C
Low Pulse Width   Slow    FDRE/C   n/a            0.500         5.000       4.500      SLICE_X63Y88   tempo_reg[13]/C
Low Pulse Width   Slow    FDRE/C   n/a            0.500         5.000       4.500      SLICE_X63Y88   tempo_reg[14]/C
Low Pulse Width   Slow    FDRE/C   n/a            0.500         5.000       4.500      SLICE_X63Y88   tempo_reg[15]/C
Low Pulse Width   Slow    FDRE/C   n/a            0.500         5.000       4.500      SLICE_X63Y88   tempo_reg[16]/C
Low Pulse Width   Slow    FDRE/C   n/a            0.500         5.000       4.500      SLICE_X63Y85   tempo_reg[1]/C
Low Pulse Width   Slow    FDRE/C   n/a            0.500         5.000       4.500      SLICE_X63Y85   tempo_reg[2]/C
High Pulse Width  Slow    FDRE/C   n/a            0.500         5.000       4.500      SLICE_X63Y91   tempo_reg[25]/C
High Pulse Width  Slow    FDRE/C   n/a            0.500         5.000       4.500      SLICE_X63Y91   tempo_reg[26]/C
High Pulse Width  Slow    FDRE/C   n/a            0.500         5.000       4.500      SLICE_X63Y91   tempo_reg[27]/C
High Pulse Width  Slow    FDRE/C   n/a            0.500         5.000       4.500      SLICE_X63Y91   tempo_reg[28]/C
High Pulse Width  Slow    FDRE/C   n/a            0.500         5.000       4.500      SLICE_X63Y92   tempo_reg[29]/C
High Pulse Width  Slow    FDRE/C   n/a            0.500         5.000       4.500      SLICE_X63Y92   tempo_reg[30]/C
High Pulse Width  Slow    FDRE/C   n/a            0.500         5.000       4.500      SLICE_X63Y92   tempo_reg[31]/C
High Pulse Width  Slow    FDRE/C   n/a            0.500         5.000       4.500      SLICE_X62Y83   index_reg[0]/C
High Pulse Width  Slow    FDRE/C   n/a            0.500         5.000       4.500      SLICE_X62Y83   index_reg[1]/C
High Pulse Width  Slow    FDRE/C   n/a            0.500         5.000       4.500      SLICE_X62Y83   index_reg[2]/C



